../Drivers/CMSIS/Include/core_cm0plus.h:985:34:__NVIC_SystemReset	8	static,ignoring_inline_asm
../Core/Src/main.c:138:6:noise_func	24	static
../Core/Src/main.c:154:6:triangle_smash_func	40	static
../Core/Src/main.c:169:6:XOR_func	32	static
../Core/Src/main.c:182:6:top2bottom_func	32	static
../Core/Src/main.c:192:6:bitcrush_func	40	static
../Core/Src/main.c:222:6:clip_func	40	static
../Core/Src/main.c:230:6:shuffle_func	40	static
../Core/Src/main.c:252:6:HAL_GPIO_EXTI_Falling_Callback	16	static
../Core/Src/main.c:266:6:HAL_GPIO_EXTI_Rising_Callback	1056	static
../Core/Src/main.c:325:5:main	3160	static
../Core/Src/main.c:796:6:SystemClock_Config	88	static
../Core/Src/main.c:840:13:MX_ADC1_Init	24	static
../Core/Src/main.c:904:13:MX_TIM1_Init	120	static
../Core/Src/main.c:982:13:MX_TIM2_Init	64	static
../Core/Src/main.c:1033:13:MX_DMA_Init	16	static
../Core/Src/main.c:1053:13:MX_GPIO_Init	48	static
../Core/Src/main.c:1077:6:HAL_ADC_ConvCpltCallback	16	static
../Core/Src/main.c:1088:6:Error_Handler	8	static,ignoring_inline_asm
